[cvdelucasfernandes.sitew.org/index.html]
[st0.cdnsw.com/assets/precompile/viewer2_all_sections-70466db6660b055a617714c30ee9776f.css]
[backblue.gif]
[fade.gif]
[index.html]
[st0.cdnsw.com/assets/precompile/fr-viewer_all_sections-a49853aec4d72ea488ae98c0b12a8b22.js]
[cvdelucasfernandes.sitew.org/favicone6f4.ico]
[cvdelucasfernandes.sitew.org/A-propos.html]
[cvdelucasfernandes.sitew.org/Loisirs.html]
[cvdelucasfernandes.sitew.org/Experience.html]
[cvdelucasfernandes.sitew.org/Projets.html]
[v-assets.cdnsw.com/fs/Root/g9cel-istockphoto-923729070-170667a.jpg]
[cvdelucasfernandes.sitew.org/'https_/ra0.cdnsw.com/cc0/7772469_1280.jpg']
[cvdelucasfernandes.sitew.org/competences]
[cvdelucasfernandes.sitew.org/'https_/ra0.cdnsw.com/cc0/2355701_960.jpg']
[cvdelucasfernandes.sitew.org/projets]
[cvdelucasfernandes.sitew.org/a-propos]
[cvdelucasfernandes.sitew.org/'https_/ra0.cdnsw.com/cc0/3938432_640.jpg']
[cvdelucasfernandes.sitew.org/'https_/ra0.cdnsw.com/cc0/1873854_640.png']
[cvdelucasfernandes.sitew.org/loisirs]
[cvdelucasfernandes.sitew.org/contact]
[cvdelucasfernandes.sitew.org/index.html]
[st0.cdnsw.com/assets/thickbox/arrow_left_carrousel-e3adfb1f1e18fb3f3eac20f0527c0970.png]
[st0.cdnsw.com/assets/thickbox/arrow_right_carrousel-8fc5a7cb66197315020262a6679a908e.png]
[ssl.sitew.org/images/blog/welcome/popup_referrer_bg.jpg]
[ssl.sitew.org/images/blog/hat.png]
[st0.cdnsw.com/assets/lg/vimeo-play.png]
[st0.cdnsw.com/assets/lg/video-play.png]
[st0.cdnsw.com/assets/lg/youtube-play.png]
[st0.cdnsw.com/assets/lg/loading.gif]
[st0.cdnsw.com/assets/viewer/viewer-d6e48bdbfa1983ef0fac52ce5ba9dcc2.png]
[st0.cdnsw.com/assets/precompile/viewer2_all_sections-70466db6660b055a617714c30ee9776f.css]
[cvdelucasfernandes.sitew.org/site/screenshot/indexf968.html]
[cvdelucasfernandes.sitew.org/site/screenshot/index9eaa.html]
[cvdelucasfernandes.sitew.org/site/screenshot/indexc6ad.html]
[cvdelucasfernandes.sitew.org/site/screenshot/indexa8eb.html]
[cvdelucasfernandes.sitew.org/site/screenshot/index574f.html]
[cvdelucasfernandes.sitew.org/site/screenshot/index2219.html]
[cvdelucasfernandes.sitew.org/A-propos.html]
[cvdelucasfernandes.sitew.org/Loisirs.html]
[cvdelucasfernandes.sitew.org/Experience.html]
[cvdelucasfernandes.sitew.org/Projets.html]
[cvdelucasfernandes.sitew.org/Formation.html]
[cvdelucasfernandes.sitew.org/Competences.html]
[cvdelucasfernandes.sitew.org/Contact.html]
[cvdelucasfernandes.sitew.org/'https_/ra0.cdnsw.com/cc0/7772469_1280.html]
[cvdelucasfernandes.sitew.org/competences-2.html]
[cvdelucasfernandes.sitew.org/'https_/ra0.cdnsw.com/cc0/2355701_960.html]
[cvdelucasfernandes.sitew.org/projets-2.html]
[cvdelucasfernandes.sitew.org/a-propos-2.html]
[cvdelucasfernandes.sitew.org/'https_/ra0.cdnsw.com/cc0/3938432_640.html]
[cvdelucasfernandes.sitew.org/'https_/ra0.cdnsw.com/cc0/1873854_640.html]
[cvdelucasfernandes.sitew.org/loisirs-2.html]
[cvdelucasfernandes.sitew.org/contact-2.html]
[cvdelucasfernandes.sitew.org/site/screenshot/index67f6.html]
[cvdelucasfernandes.sitew.org/site/screenshot/index8f39.html]
